[www.soulgen.ai/index.html]
[backblue.gif]
[fade.gif]
[index.html]
[www.faceplay.me/static_sg/main/_next/static/css/b7dc3030ed3b988c.css]
[www.faceplay.me/static_sg/main/_next/static/css/e8757e4f1e21f464.css]
[www.faceplay.me/static_sg/main/_next/static/chunks/polyfills-0d1b80a048d4787e.js]
[www.faceplay.me/static_sg/main/_next/static/chunks/webpack-124c4c36389f0e53.js]
[www.faceplay.me/static_sg/main/_next/static/chunks/framework-ae4f43955bfa5ddc.js]
[www.faceplay.me/static_sg/main/_next/static/chunks/main-4669647a478fa91a.js]
[www.faceplay.me/static_sg/main/_next/static/chunks/pages/_app-da05309eaf75bedb.js]
[www.faceplay.me/static_sg/main/_next/static/chunks/501-0b8f56d946e24a85.js]
[www.faceplay.me/static_sg/main/_next/static/chunks/89-a3e448947c0c485a.js]
[www.faceplay.me/static_sg/main/_next/static/chunks/976-892c5263a500d385.js]
[www.faceplay.me/static_sg/main/_next/static/chunks/126-e17837eba1895067.js]
[www.faceplay.me/static_sg/main/_next/static/chunks/738-5d970ce59605b294.js]
[www.faceplay.me/static_sg/main/_next/static/chunks/pages/index-95b2bc8c754237e0.js]
[www.faceplay.me/static_sg/main/_next/static/1HzGoP8Zho-19NsvQ-Jvc/_buildManifest.js]
[www.faceplay.me/static_sg/main/_next/static/1HzGoP8Zho-19NsvQ-Jvc/_ssgManifest.js]
[polyfill.io/v3/polyfill.min79f3.js]
[www.faceplay.me/sg/home/videos/sg-home-0419.jpg]
[waifu-files.faceplay.me/cdn-cgi/image/width=600,quality=85/https_/www.faceplay.me/sg/home/images/desc-1-default.png]
[waifu-files.faceplay.me/cdn-cgi/image/width=600,quality=85/https_/www.faceplay.me/sg/home/images/desc-2-default.png]
[waifu-files.faceplay.me/cdn-cgi/image/width=480,quality=85/https_/d3ikkli1axfs64.cloudfront.net/US/20230415/fuDrQPXSGa/d509910f-02fc-4a88-ab0d-b692572a3d21.jpg]
[waifu-files.faceplay.me/cdn-cgi/image/width=480,quality=85/https_/d3ikkli1axfs64.cloudfront.net/US/20230419/WUCbOrAuvc/7ca7a08a-1a2b-49ea-9f25-4232f9cbf8eb.jpg]
[waifu-files.faceplay.me/cdn-cgi/image/width=480,quality=85/https_/d3ikkli1axfs64.cloudfront.net/US/20230419/gOQCzifyGv/953645fb-2aa5-4ded-8f0c-2d029b458433.jpg]
[waifu-files.faceplay.me/cdn-cgi/image/width=480,quality=85/https_/d3ikkli1axfs64.cloudfront.net/US/20230419/pxVqOJlHaA/a3faf6ec-6dea-4757-84a1-28d57a8b1f0f.jpg]
[waifu-files.faceplay.me/cdn-cgi/image/width=480,quality=85/https_/d3ikkli1axfs64.cloudfront.net/US/20230419/ftINfyYlyG/ae315e52-235f-4bbe-9fe4-568c0288cb2f.jpg]
[waifu-files.faceplay.me/cdn-cgi/image/width=480,quality=85/https_/d3ikkli1axfs64.cloudfront.net/US/20230415/dVdDUquhzn/ac895206-bf55-41c3-969d-c68c7564a081.jpg]
[waifu-files.faceplay.me/cdn-cgi/image/width=480,quality=85/https_/d3ikkli1axfs64.cloudfront.net/US/20230415/ByyrmUOkFW/0fc5ff52-cfe2-4874-899e-58776674d81f.jpg]
[waifu-files.faceplay.me/cdn-cgi/image/width=480,quality=85/https_/d3ikkli1axfs64.cloudfront.net/US/20230419/FxOkwLaSGh/33f08e72-b27e-45ce-92ea-c2f24591e0b1.jpg]
[waifu-files.faceplay.me/cdn-cgi/image/width=480,quality=85/https_/d3ikkli1axfs64.cloudfront.net/US/20230419/HjGVCjSxLc/93847355-6095-4d49-a377-2c5849c51c38.jpg]
[waifu-files.faceplay.me/cdn-cgi/image/width=480,quality=85/https_/d3ikkli1axfs64.cloudfront.net/US/20230415/kmIjSJyBbA/6cfb251a-00af-4203-b740-f6ce17be98d4.jpg]
[waifu-files.faceplay.me/cdn-cgi/image/width=480,quality=85/https_/d3ikkli1axfs64.cloudfront.net/US/20230419/RxhkJuFXIh/5fd8a2b4-9232-4757-b09f-c8155997e733.jpg]
[waifu-files.faceplay.me/cdn-cgi/image/width=480,quality=85/https_/d3ikkli1axfs64.cloudfront.net/US/20230419/cWhMbIaEca/50de202c-441b-4938-9d23-8dea5fa5162b.jpg]
[waifu-files.faceplay.me/cdn-cgi/image/width=480,quality=85/https_/d3ikkli1axfs64.cloudfront.net/US/20230419/BarPzccZdL/a557b56a-af08-4160-909c-c5025485dc86.jpg]
[waifu-files.faceplay.me/cdn-cgi/image/width=480,quality=85/https_/d3ikkli1axfs64.cloudfront.net/US/20230419/jghcRJFIKX/b5c10d42-ed11-4705-a5b9-99ce65fbc110.jpg]
[waifu-files.faceplay.me/cdn-cgi/image/width=480,quality=85/https_/d3ikkli1axfs64.cloudfront.net/US/20230419/TNALnOMuDx/818eb4bb-9cce-4c31-99bf-93f760046b97.jpg]
[waifu-files.faceplay.me/cdn-cgi/image/width=480,quality=85/https_/d3ikkli1axfs64.cloudfront.net/US/20230420/CZBgXXtpCw/ca3e28d2-84c7-4085-b256-ed1622622632.jpg]
[waifu-files.faceplay.me/cdn-cgi/image/width=480,quality=85/https_/d3ikkli1axfs64.cloudfront.net/US/20230419/spAceEfTRq/fbbc6c04-3bde-4683-bf8f-597ecc21b6bf.jpg]
[waifu-files.faceplay.me/cdn-cgi/image/width=480,quality=85/https_/d3ikkli1axfs64.cloudfront.net/US/20230419/rbOEVtZhgz/5954472f-b077-4994-8a07-032d028d96f7.jpg]
[waifu-files.faceplay.me/cdn-cgi/image/width=480,quality=85/https_/d3ikkli1axfs64.cloudfront.net/US/20230419/uOYaGOHWCp/f468c776-6ab8-4386-a609-875dea4b01a7.jpg]
[waifu-files.faceplay.me/cdn-cgi/image/width=480,quality=85/https_/d3ikkli1axfs64.cloudfront.net/US/20230419/aWqwDeWjYx/4f04fa18-48a9-416c-8db5-cbbd9846b14e.jpg]
[www.soulgen.ai/index.html]
[www.faceplay.me/static_sg/main/_next/static/css/b7dc3030ed3b988c.css]
[www.faceplay.me/static_sg/main/_next/static/css/e8757e4f1e21f464.css]
